\defcounter {refsection}{0}\relax 
\addvspace {10\p@ }
\defcounter {refsection}{0}\relax 
\addvspace {10\p@ }
\defcounter {refsection}{0}\relax 
\contentsline {supptable}{\numberline {2.1}{\ignorespaces List of top transcription factors overexpressed differentially expressed in the fast responders compared to the slow responders\relax }}{46}{supptable.caption.17}%
\defcounter {refsection}{0}\relax 
\contentsline {supptable}{\numberline {2.2}{\ignorespaces List of signaling pathways enriched in the fast responder cells compared to slow responders\relax }}{47}{supptable.caption.18}%
\defcounter {refsection}{0}\relax 
\contentsline {supptable}{\numberline {2.3}{\ignorespaces Primer sequences used for qPCR\relax }}{47}{supptable.caption.19}%
\defcounter {refsection}{0}\relax 
\addvspace {10\p@ }
\defcounter {refsection}{0}\relax 
\contentsline {supptable}{\numberline {3.1}{\ignorespaces Primers used in this study\relax }}{106}{supptable.caption.77}%
\defcounter {refsection}{0}\relax 
\addvspace {10\p@ }
\defcounter {refsection}{0}\relax 
\addvspace {10\p@ }
\defcounter {refsection}{0}\relax 
\addvspace {10\p@ }
